{"alice": {"firstName": "Alice", "lastName": "Smith", "upper": "SMITH", "__settings__": {"output_type": "INLINE", "__schema_type__": "__main__.InfoMixin"}, "gender": "female", "title": "Ms.Smith", "info": "Ms.Smith, female", "added": "some girl attr"}, "bob": {"firstName": "Bob", "lastName": "Green", "upper": "GREEN", "__settings__": {"output_type": "INLINE", "__schema_type__": "__main__.InfoMixin"}, "gender": "male", "title": "Mr.Green", "info": "Mr.Green, male", "added": "some boy attr"}}