---
source: parser/src/tests/error_recovery.rs
assertion_line: 113
expression: "crate::tests::parsing_expr_string(r#\"a(]\"#)"
---
Node {
    node: Call(
        CallExpr {
            func: Node {
                node: Identifier(
                    Identifier {
                        names: [
                            "a",
                        ],
                        pkgpath: "",
                        ctx: Load,
                    },
                ),
                filename: "",
                line: 1,
                column: 0,
                end_line: 1,
                end_column: 1,
            },
            args: [],
            keywords: [],
        },
    ),
    filename: "",
    line: 1,
    column: 0,
    end_line: 1,
    end_column: 3,
}

