---
source: parser/src/tests/error_recovery.rs
expression: "crate::tests::parsing_module_string(r#\"import .pkg_path.\"#)"
---
Module {
    filename: "",
    pkg: "",
    doc: "",
    name: "",
    body: [
        Node {
            node: Import(
                ImportStmt {
                    path: ".pkg_path.",
                    rawpath: ".pkg_path.",
                    name: "",
                    asname: None,
                    pkg_name: "",
                },
            ),
            filename: "",
            line: 1,
            column: 0,
            end_line: 1,
            end_column: 17,
        },
    ],
    comments: [],
}

