---
source: parser/src/tests/error_recovery.rs
assertion_line: 68
expression: "crate::tests::parsing_expr_string(r#\"a ++ b\"#)"
---
Node {
    node: Binary(
        BinaryExpr {
            left: Node {
                node: Identifier(
                    Identifier {
                        names: [
                            "a",
                        ],
                        pkgpath: "",
                        ctx: Load,
                    },
                ),
                filename: "",
                line: 1,
                column: 0,
                end_line: 1,
                end_column: 1,
            },
            op: Bin(
                Add,
            ),
            right: Node {
                node: Unary(
                    UnaryExpr {
                        op: UAdd,
                        operand: Node {
                            node: Identifier(
                                Identifier {
                                    names: [
                                        "b",
                                    ],
                                    pkgpath: "",
                                    ctx: Load,
                                },
                            ),
                            filename: "",
                            line: 1,
                            column: 5,
                            end_line: 1,
                            end_column: 6,
                        },
                    },
                ),
                filename: "",
                line: 1,
                column: 3,
                end_line: 1,
                end_column: 6,
            },
        },
    ),
    filename: "",
    line: 1,
    column: 0,
    end_line: 1,
    end_column: 6,
}

