---
source: parser/src/tests/error_recovery.rs
assertion_line: 128
expression: "crate::tests::parsing_expr_string(r#\"a?.\"#)"
---
Node {
    node: Selector(
        SelectorExpr {
            value: Node {
                node: Identifier(
                    Identifier {
                        names: [
                            "a",
                        ],
                        pkgpath: "",
                        ctx: Load,
                    },
                ),
                filename: "",
                line: 1,
                column: 0,
                end_line: 1,
                end_column: 1,
            },
            attr: Node {
                node: Identifier {
                    names: [
                        "",
                    ],
                    pkgpath: "",
                    ctx: Load,
                },
                filename: "",
                line: 1,
                column: 3,
                end_line: 1,
                end_column: 3,
            },
            ctx: Load,
            has_question: true,
        },
    ),
    filename: "",
    line: 1,
    column: 0,
    end_line: 1,
    end_column: 3,
}

