---
source: parser/src/tests/error_recovery.rs
assertion_line: 88
expression: "crate::tests::parsing_expr_string(r#\"a[:::]\"#)"
---
Node {
    node: Subscript(
        Subscript {
            value: Node {
                node: Identifier(
                    Identifier {
                        names: [
                            "a",
                        ],
                        pkgpath: "",
                        ctx: Load,
                    },
                ),
                filename: "",
                line: 1,
                column: 0,
                end_line: 1,
                end_column: 1,
            },
            index: None,
            lower: None,
            upper: None,
            step: None,
            ctx: Load,
            has_question: false,
        },
    ),
    filename: "",
    line: 1,
    column: 1,
    end_line: 1,
    end_column: 6,
}

