---
source: parser/src/tests/error_recovery.rs
expression: "crate::tests::parsing_module_string(r#\"a = \"#)"
---
Module {
    filename: "",
    pkg: "",
    doc: "",
    name: "",
    body: [
        Node {
            node: Assign(
                AssignStmt {
                    targets: [
                        Node {
                            node: Identifier {
                                names: [
                                    "a",
                                ],
                                pkgpath: "",
                                ctx: Store,
                            },
                            filename: "",
                            line: 1,
                            column: 0,
                            end_line: 1,
                            end_column: 1,
                        },
                    ],
                    value: Node {
                        node: Missing(
                            MissingExpr,
                        ),
                        filename: "",
                        line: 1,
                        column: 4,
                        end_line: 1,
                        end_column: 4,
                    },
                    type_annotation: None,
                    ty: None,
                },
            ),
            filename: "",
            line: 1,
            column: 0,
            end_line: 1,
            end_column: 3,
        },
    ],
    comments: [],
}

