---
source: parser/src/tests/error_recovery.rs
assertion_line: 63
expression: "crate::tests::parsing_expr_string(r#\"a not is b\"#)"
---
Node {
    node: Identifier(
        Identifier {
            names: [
                "a",
            ],
            pkgpath: "",
            ctx: Load,
        },
    ),
    filename: "",
    line: 1,
    column: 0,
    end_line: 1,
    end_column: 1,
}

