---
source: parser/src/tests/error_recovery.rs
assertion_line: 167
expression: "crate::tests::parsing_module_string(r#\"type\"#)"
---
Module {
    filename: "",
    pkg: "",
    doc: "",
    name: "",
    body: [
        Node {
            node: TypeAlias(
                TypeAliasStmt {
                    type_name: Node {
                        node: Identifier {
                            names: [],
                            pkgpath: "",
                            ctx: Load,
                        },
                        filename: "",
                        line: 1,
                        column: 4,
                        end_line: 1,
                        end_column: 4,
                    },
                    type_value: Node {
                        node: "any",
                        filename: "",
                        line: 1,
                        column: 4,
                        end_line: 1,
                        end_column: 4,
                    },
                    ty: Node {
                        node: Any,
                        filename: "",
                        line: 1,
                        column: 4,
                        end_line: 1,
                        end_column: 4,
                    },
                },
            ),
            filename: "",
            line: 1,
            column: 4,
            end_line: 1,
            end_column: 4,
        },
    ],
    comments: [],
}

