---
source: parser/src/tests/error_recovery.rs
expression: "crate::tests::parsing_expr_string(r#\"a -not- b\"#)"
---
Node {
    node: Binary(
        BinaryExpr {
            left: Node {
                node: Binary(
                    BinaryExpr {
                        left: Node {
                            node: Identifier(
                                Identifier {
                                    names: [
                                        "a",
                                    ],
                                    pkgpath: "",
                                    ctx: Load,
                                },
                            ),
                            filename: "",
                            line: 1,
                            column: 0,
                            end_line: 1,
                            end_column: 1,
                        },
                        op: Bin(
                            Sub,
                        ),
                        right: Node {
                            node: Unary(
                                UnaryExpr {
                                    op: Not,
                                    operand: Node {
                                        node: Missing(
                                            MissingExpr,
                                        ),
                                        filename: "",
                                        line: 1,
                                        column: 6,
                                        end_line: 1,
                                        end_column: 7,
                                    },
                                },
                            ),
                            filename: "",
                            line: 1,
                            column: 3,
                            end_line: 1,
                            end_column: 6,
                        },
                    },
                ),
                filename: "",
                line: 1,
                column: 0,
                end_line: 1,
                end_column: 6,
            },
            op: Bin(
                Sub,
            ),
            right: Node {
                node: Identifier(
                    Identifier {
                        names: [
                            "b",
                        ],
                        pkgpath: "",
                        ctx: Load,
                    },
                ),
                filename: "",
                line: 1,
                column: 8,
                end_line: 1,
                end_column: 9,
            },
        },
    ),
    filename: "",
    line: 1,
    column: 0,
    end_line: 1,
    end_column: 9,
}

