---
source: parser/src/tests/error_recovery.rs
assertion_line: 115
expression: "crate::tests::parsing_expr_string(r#\"a.b(a=1,2)\"#)"
---
Node {
    node: Call(
        CallExpr {
            func: Node {
                node: Identifier(
                    Identifier {
                        names: [
                            "a",
                            "b",
                        ],
                        pkgpath: "",
                        ctx: Load,
                    },
                ),
                filename: "",
                line: 1,
                column: 0,
                end_line: 1,
                end_column: 3,
            },
            args: [
                Node {
                    node: NumberLit(
                        NumberLit {
                            binary_suffix: None,
                            value: Int(
                                2,
                            ),
                        },
                    ),
                    filename: "",
                    line: 1,
                    column: 8,
                    end_line: 1,
                    end_column: 9,
                },
            ],
            keywords: [
                Node {
                    node: Keyword {
                        arg: Node {
                            node: Identifier {
                                names: [
                                    "a",
                                ],
                                pkgpath: "",
                                ctx: Load,
                            },
                            filename: "",
                            line: 1,
                            column: 4,
                            end_line: 1,
                            end_column: 5,
                        },
                        value: Some(
                            Node {
                                node: NumberLit(
                                    NumberLit {
                                        binary_suffix: None,
                                        value: Int(
                                            1,
                                        ),
                                    },
                                ),
                                filename: "",
                                line: 1,
                                column: 6,
                                end_line: 1,
                                end_column: 7,
                            },
                        ),
                    },
                    filename: "",
                    line: 1,
                    column: 4,
                    end_line: 1,
                    end_column: 7,
                },
            ],
        },
    ),
    filename: "",
    line: 1,
    column: 0,
    end_line: 1,
    end_column: 10,
}

