---
source: parser/src/tests/error_recovery.rs
assertion_line: 125
expression: "crate::tests::parsing_expr_string(r#\"s(] {a=1}\"#)"
---
Node {
    node: Schema(
        SchemaExpr {
            name: Node {
                node: Identifier {
                    names: [
                        "s",
                    ],
                    pkgpath: "",
                    ctx: Load,
                },
                filename: "",
                line: 1,
                column: 0,
                end_line: 1,
                end_column: 1,
            },
            args: [],
            kwargs: [],
            config: Node {
                node: Config(
                    ConfigExpr {
                        items: [
                            Node {
                                node: ConfigEntry {
                                    key: Some(
                                        Node {
                                            node: Identifier(
                                                Identifier {
                                                    names: [
                                                        "a",
                                                    ],
                                                    pkgpath: "",
                                                    ctx: Load,
                                                },
                                            ),
                                            filename: "",
                                            line: 1,
                                            column: 5,
                                            end_line: 1,
                                            end_column: 6,
                                        },
                                    ),
                                    value: Node {
                                        node: NumberLit(
                                            NumberLit {
                                                binary_suffix: None,
                                                value: Int(
                                                    1,
                                                ),
                                            },
                                        ),
                                        filename: "",
                                        line: 1,
                                        column: 7,
                                        end_line: 1,
                                        end_column: 8,
                                    },
                                    operation: Override,
                                    insert_index: -1,
                                },
                                filename: "",
                                line: 1,
                                column: 5,
                                end_line: 1,
                                end_column: 8,
                            },
                        ],
                    },
                ),
                filename: "",
                line: 1,
                column: 4,
                end_line: 1,
                end_column: 9,
            },
        },
    ),
    filename: "",
    line: 1,
    column: 0,
    end_line: 1,
    end_column: 9,
}

