---
source: parser/src/tests/error_recovery.rs
assertion_line: 84
expression: "crate::tests::parsing_expr_string(r#\"a[b 1]\"#)"
---
Node {
    node: Subscript(
        Subscript {
            value: Node {
                node: Identifier(
                    Identifier {
                        names: [
                            "a",
                        ],
                        pkgpath: "",
                        ctx: Load,
                    },
                ),
                filename: "",
                line: 1,
                column: 0,
                end_line: 1,
                end_column: 1,
            },
            index: Some(
                Node {
                    node: NumberLit(
                        NumberLit {
                            binary_suffix: None,
                            value: Int(
                                1,
                            ),
                        },
                    ),
                    filename: "",
                    line: 1,
                    column: 4,
                    end_line: 1,
                    end_column: 5,
                },
            ),
            lower: None,
            upper: None,
            step: None,
            ctx: Load,
            has_question: false,
        },
    ),
    filename: "",
    line: 1,
    column: 1,
    end_line: 1,
    end_column: 6,
}

