{"numMap":{"0":0,"2":2,"__settings__":{"__schema_type__":"__main__.NumberMap","output_type":"INLINE"}}}